// Jest Snapshot v1, https://goo.gl/fbAQLP

exports[`Alert component Is exists 1`] = `<Chat />`;

exports[`Chat component Is exists 1`] = `<Chat />`;
