// Jest Snapshot v1, https://goo.gl/fbAQLP

exports[`VisitorView component Is exists 1`] = `
<TablePlayers
  login="toto"
/>
`;
